// Jest Snapshot v1, https://goo.gl/fbAQLP

exports[`renders correctly 1`] = `
<div
  className="app"
>
  <div
    className="userInput"
  >
    <input
      className="input"
      onKeyPress={[Function]}
      placeholder="Enter your city"
    />
  </div>
</div>
`;
